
> canvases_co@0.0.0 build
> vite build

[36mvite v8.0.3 [32mbuilding client environment for production...[36m[39m
[2K
transforming...Γ£ô 2289 modules transformed.
node.exe : [31mΓ£ù[39m Build failed in 419ms
At line:1 char:1
+ & "C:\Program Files\nodejs/node.exe" "C:\Users\SINAN\AppData\Roaming\ ...
+ ~~~~~~~~~~~~~~~~~~~~~~~~~~~~~~~~~~~~~~~~~~~~~~~~~~~~~~~~~~~~~~~~~~~~~
    + CategoryInfo          : NotSpecified: ([31mΓ£ù[39m Build failed in 419ms:String) [], RemoteException
    + FullyQualifiedErrorId : NativeCommandError
 
[31merror during build:
[31mBuild failed with 1 error:

[31m[UNRESOLVED_IMPORT] Error:[0m Could not resolve './assets/founder.png' in src/App.jsx
    [38;5;246mΓò¡[0m[38;5;246mΓöÇ[0m[38;5;246m[[0m src/App.jsx:56:24 [38;5;246m][0m
    [38;5;246mΓöé[0m
 [38;5;246m56 Γöé[0m 
[38;5;249mi[0m[38;5;249mm[0m[38;5;249mp[0m[38;5;249mo[0m[38;5;249mr[0m[38;5;249mt[0m[38;5;249m [0m[38;5;
249mf[0m[38;5;249mo[0m[38;5;249mu[0m[38;5;249mn[0m[38;5;249md[0m[38;5;249me[0m[38;5;249mr[0m[38;5;249mI[
0m[38;5;249mm[0m[38;5;249mg[0m[38;5;249m 
[0m[38;5;249mf[0m[38;5;249mr[0m[38;5;249mo[0m[38;5;249mm[0m[38;5;249m 
[0m"./assets/founder.png"[38;5;249m;[0m
 [38;5;240m   Γöé[0m                        ΓöÇΓöÇΓöÇΓöÇΓöÇΓöÇΓöÇΓöÇΓöÇΓöÇΓöÇΓö¼ΓöÇΓöÇΓöÇΓöÇΓöÇΓöÇΓöÇΓöÇΓöÇΓöÇ  
 [38;5;240m   Γöé[0m                                   Γò░ΓöÇΓöÇΓöÇΓöÇΓöÇΓöÇΓöÇΓöÇΓöÇΓöÇΓöÇΓöÇ Module not found.
 [38;5;240m   Γöé[0m 
 [38;5;240m   Γöé[0m [38;5;115mHelp[0m: 'src/App.jsx' is imported by the following path:
 [38;5;240m   Γöé[0m         - src/App.jsx
 [38;5;240m   Γöé[0m         - src/main.jsx
 [38;5;240m   Γöé[0m         - index.html
[38;5;246mΓöÇΓöÇΓöÇΓöÇΓò»[0m
[31m
    at aggregateBindingErrorsIntoJsError (file:///C:/Users/SINAN/OneDrive/Documents/1st%20work/canvases_co/node_modules
/rolldown/dist/shared/error-BLhcSyeg.mjs:48:18)
    at unwrapBindingResult (file:///C:/Users/SINAN/OneDrive/Documents/1st%20work/canvases_co/node_modules/rolldown/dist
/shared/error-BLhcSyeg.mjs:18:128)
    at #build (file:///C:/Users/SINAN/OneDrive/Documents/1st%20work/canvases_co/node_modules/rolldown/dist/shared/rolld
own-build-CPrIX9V6.mjs:3313:34)
    at async buildEnvironment 
(file:///C:/Users/SINAN/OneDrive/Documents/1st%20work/canvases_co/node_modules/vite/dist/node/chunks/node.js:32849:64)
    at async Object.build 
(file:///C:/Users/SINAN/OneDrive/Documents/1st%20work/canvases_co/node_modules/vite/dist/node/chunks/node.js:33271:19)
    at async Object.buildApp 
(file:///C:/Users/SINAN/OneDrive/Documents/1st%20work/canvases_co/node_modules/vite/dist/node/chunks/node.js:33268:153)
    at async CAC.<anonymous> 
(file:///C:/Users/SINAN/OneDrive/Documents/1st%20work/canvases_co/node_modules/vite/dist/node/cli.js:778:3) {
  errors: [Getter/Setter]
}[39m
